20260306 13:03:53.041030Z INFO  db_host:127.0.0.1, db_port:3306, db_dbname:cloud_disk_db, db_username:Boyu, db_password:123456 - DBPool.cpp:635
20260306 13:03:53.063598Z INFO  db_host:127.0.0.1, db_port:3306, db_dbname:cloud_disk_db, db_username:Boyu, db_password:123456 - DBPool.cpp:635
20260306 13:03:53.085353Z INFO  row_num: 1 - DBPool.cpp:332
20260306 13:03:53.085382Z INFO  count: 0 - ApiCommon.cpp:199
20260306 13:03:53.085649Z INFO  server start listen on:For http://%0.0.0.0:8081 - main.cpp:165
20260306 13:03:53.085666Z INFO  now enter the event loop... - main.cpp:168
20260306 13:07:19.945629Z INFO  url: / - HttpConn.cpp:233
20260306 13:07:19.945664Z ERROR url unknown, url= / - HttpConn.cpp:274
20260306 13:07:23.472562Z INFO  url: / - HttpConn.cpp:233
20260306 13:07:23.472581Z ERROR url unknown, url= / - HttpConn.cpp:274
20260306 13:07:41.348907Z INFO  url: / - HttpConn.cpp:233
20260306 13:07:41.348924Z ERROR url unknown, url= / - HttpConn.cpp:274
20260306 13:07:42.374802Z INFO  url: / - HttpConn.cpp:233
20260306 13:07:42.374838Z ERROR url unknown, url= / - HttpConn.cpp:274
20260306 13:07:42.375204Z INFO  url: / - HttpConn.cpp:233
20260306 13:07:42.375226Z ERROR url unknown, url= / - HttpConn.cpp:274
20260306 13:07:42.375777Z INFO  url: / - HttpConn.cpp:233
20260306 13:07:42.375788Z ERROR url unknown, url= / - HttpConn.cpp:274
20260306 13:07:47.393299Z INFO  url: / - HttpConn.cpp:233
20260306 13:07:47.393311Z ERROR url unknown, url= / - HttpConn.cpp:274
20260306 13:07:47.393592Z INFO  url: / - HttpConn.cpp:233
20260306 13:07:47.393612Z ERROR url unknown, url= / - HttpConn.cpp:274
20260306 13:07:47.394233Z INFO  url: / - HttpConn.cpp:233
20260306 13:07:47.394250Z ERROR url unknown, url= / - HttpConn.cpp:274
20260306 13:08:17.405986Z INFO  url: / - HttpConn.cpp:233
20260306 13:08:17.406008Z ERROR url unknown, url= / - HttpConn.cpp:274
20260306 13:08:17.406288Z INFO  url: / - HttpConn.cpp:233
20260306 13:08:17.406305Z ERROR url unknown, url= / - HttpConn.cpp:274
20260306 13:08:17.406886Z INFO  url: / - HttpConn.cpp:233
20260306 13:08:17.406903Z ERROR url unknown, url= / - HttpConn.cpp:274
20260306 13:09:17.429136Z INFO  url: / - HttpConn.cpp:233
20260306 13:09:17.429145Z ERROR url unknown, url= / - HttpConn.cpp:274
20260306 13:09:17.429395Z INFO  url: / - HttpConn.cpp:233
20260306 13:09:17.429414Z ERROR url unknown, url= / - HttpConn.cpp:274
20260306 13:09:17.429984Z INFO  url: / - HttpConn.cpp:233
20260306 13:09:17.430003Z ERROR url unknown, url= / - HttpConn.cpp:274
